// Jest Snapshot v1, https://goo.gl/fbAQLP

exports[`Checkbox renders correctly 1`] = `
<div>
  <label
    class="css-kwvgrg-boxStyles-ControlContainer"
  >
    <input
      class="css-poh1fz-ControlInput"
      data-testid="example"
      name="my-checkbox"
      type="checkbox"
    />
    <span
      class="css-gjetbs-boxStyles-CheckboxIndicator"
    >
      <svg
        aria-hidden="true"
        class="css-umoisd-CheckboxIcon"
        clip-rule="evenodd"
        focusable="false"
        role="img"
        viewBox="0 0 24 24"
        xmlns="http://www.w3.org/2000/svg"
      >
        <path
          d="M3 13.4286L8.4 19L21 6"
          stroke-linecap="round"
          stroke-linejoin="round"
          stroke-width="3"
        />
      </svg>
    </span>
    <span
      class="css-1g33cu8-boxStyles-Text-ControlLabel"
    >
      My checkbox
    </span>
  </label>
</div>
`;
