// Jest Snapshot v1, https://goo.gl/fbAQLP

exports[`PasswordInput renders correctly 1`] = `
<div>
  <div
    class="css-1lvzxao-boxStyles"
  >
    <div
      class="css-1904cz9-boxStyles-FieldContainer"
    >
      <label
        class="css-79i25n-boxStyles"
        for="password-input-:r0:"
      >
        <span
          class="css-1jywj6f-boxStyles"
        >
          Password
        </span>
        <span
          class="css-axuon-boxStyles"
        >
           
          (optional)
        </span>
      </label>
      <input
        aria-invalid="false"
        aria-required="false"
        class="css-mtd7ku"
        id="password-input-:r0:"
        type="password"
      />
      <div
        aria-hidden="true"
        class="css-9l8g4f-Field"
      />
    </div>
    <label
      class="css-hp3wbe-boxStyles-CheckboxContainer"
      for="checkbox-:r2:"
    >
      <span
        class="css-qhqecw-Checkbox"
      >
        <input
          aria-controls="password-input-:r0:"
          class="css-v5n1jg-CheckboxInput"
          id="checkbox-:r2:"
          type="checkbox"
        />
        <span
          class="css-1j2nz1m-boxStyles-CheckboxIndicator"
        >
          <svg
            aria-hidden="true"
            class="css-17xxus6-Icon"
            clip-rule="evenodd"
            fill-rule="evenodd"
            focusable="false"
            height="24"
            role="img"
            viewBox="0 0 24 24"
            width="24"
            xmlns="http://www.w3.org/2000/svg"
          >
            <path
              d="M20 6 9 17l-5-5"
            />
          </svg>
        </span>
      </span>
      <span
        class="css-1ezdn5f-boxStyles-CheckboxLabel"
      >
        Show password
      </span>
    </label>
  </div>
</div>
`;
