// Jest Snapshot v1, https://goo.gl/fbAQLP

exports[`UnorderedList renders correctly 1`] = `
<div>
  <ul
    class="css-1qfj7jm-UnorderedList"
  >
    <li
      class="css-1sudq1l-boxStyles-ListItem"
    >
      Item 1
    </li>
    <li
      class="css-1sudq1l-boxStyles-ListItem"
    >
      Item 2
    </li>
    <li
      class="css-1sudq1l-boxStyles-ListItem"
    >
      Item 3
    </li>
  </ul>
</div>
`;
