// Jest Snapshot v1, https://goo.gl/fbAQLP

exports[`SummaryList renders correctly 1`] = `
<div>
  <dl
    class="css-11haoc9-boxStyles"
  >
    <div
      class="css-1gkaq3c-boxStyles"
    >
      <dt
        class="css-y9ojh3-boxStyles"
      >
        First name
      </dt>
      <dd
        class="css-12qraxj-boxStyles"
      >
        Will
      </dd>
      <dd
        class="css-1jhrbpg-boxStyles"
      >
        <a
          class="css-38ppen-TextLink"
          href="#"
        >
          Change
        </a>
      </dd>
    </div>
    <div
      class="css-1gkaq3c-boxStyles"
    >
      <dt
        class="css-y9ojh3-boxStyles"
      >
        Last name
      </dt>
      <dd
        class="css-12qraxj-boxStyles"
      >
        Power
      </dd>
      <dd
        class="css-1jhrbpg-boxStyles"
      >
        <a
          class="css-38ppen-TextLink"
          href="#"
        >
          Change
        </a>
      </dd>
    </div>
    <div
      class="css-1gkaq3c-boxStyles"
    >
      <dt
        class="css-y9ojh3-boxStyles"
      >
        Contact information
      </dt>
      <dd
        class="css-12qraxj-boxStyles"
      >
        +61 9912 3456
        <br />
        will.power@example.com
      </dd>
      <dd
        class="css-1jhrbpg-boxStyles"
      >
        <a
          class="css-38ppen-TextLink"
          href="#"
        >
          Change
        </a>
      </dd>
    </div>
    <div
      class="css-1gkaq3c-boxStyles"
    >
      <dt
        class="css-y9ojh3-boxStyles"
      >
        Date of birth
      </dt>
      <dd
        class="css-12qraxj-boxStyles"
      >
        09/06/1995
      </dd>
      <dd
        class="css-1jhrbpg-boxStyles"
      >
        <a
          class="css-38ppen-TextLink"
          href="#"
        >
          Change
        </a>
      </dd>
    </div>
  </dl>
</div>
`;
