// Jest Snapshot v1, https://goo.gl/fbAQLP

exports[`Text renders correctly 1`] = `
<div>
  <span
    class="css-1pd2agg-boxStyles-Text"
  >
    Text element
  </span>
</div>
`;
