// Jest Snapshot v1, https://goo.gl/fbAQLP

exports[`VisuallyHidden renders correctly 1`] = `
<div>
  <a
    class="css-ma0bjl-TextLink"
    data-testid="example"
    href="#"
  >
    Read more
    <span
      class="css-avudkd-VisuallyHidden"
    >
       about how to visually hide content
    </span>
  </a>
</div>
`;
