// Jest Snapshot v1, https://goo.gl/fbAQLP

exports[`SkeletonText renders correctly 1`] = `
<div>
  <div
    aria-hidden="true"
    class="css-n16qfc-boxStyles-SkeletonBox"
  />
</div>
`;
