// Jest Snapshot v1, https://goo.gl/fbAQLP

exports[`SectionContent renders correctly 1`] = `
<div>
  <section
    class="css-uq5mes-boxStyles"
  >
    <div
      class="css-130jej9-boxStyles"
    >
      <p>
        Section content
      </p>
    </div>
  </section>
</div>
`;
