// Jest Snapshot v1, https://goo.gl/fbAQLP

exports[`SectionContent renders correctly 1`] = `
<div>
  <div
    class="css-ou39vu-boxStyles"
  >
    <section
      class="css-23dohf-boxStyles"
    >
      <p>
        Section content
      </p>
    </section>
  </div>
</div>
`;
