// Jest Snapshot v1, https://goo.gl/fbAQLP

exports[`Select renders correctly 1`] = `
<div>
  <div
    class="css-1904cz9-boxStyles-FieldContainer"
  >
    <label
      class="css-n7rdvo-boxStyles"
      for="field-:r0:"
    >
      <span
        class="css-433uqb-boxStyles-Text"
      >
        Name
      </span>
      <span
        class="css-1rpt3h8-boxStyles-Text"
      >
        (optional)
      </span>
    </label>
    <div
      class="css-yql58k-SelectContainer"
    >
      <select
        aria-invalid="false"
        aria-required="false"
        class="css-eik7rh-Field"
        id="field-:r0:"
      >
        <option
          value=""
        >
          Select an option
        </option>
        <option
          value="a"
        >
          Option A
        </option>
        <option
          value="b"
        >
          Option B
        </option>
        <option
          value="c"
        >
          Option C
        </option>
      </select>
      <svg
        aria-hidden="true"
        class="css-54plu1-Icon-SelectIcon"
        clip-rule="evenodd"
        focusable="false"
        height="24"
        role="img"
        viewBox="0 0 24 24"
        width="24"
        xmlns="http://www.w3.org/2000/svg"
      >
        <path
          d="M21 8L12 17L3 8"
        />
      </svg>
    </div>
  </div>
</div>
`;
