// Jest Snapshot v1, https://goo.gl/fbAQLP

exports[`InpageNav renders correctly 1`] = `
<div>
  <nav
    aria-label="In page"
    class="css-llrqns-boxStyles-InpageNavContainer"
  >
    <ul
      class="css-1hxx2pv-boxStyles"
    >
      <li
        class="css-12ek51e-boxStyles"
      >
        <a
          class="css-iuqbpq-TextLink"
          href="#section-1"
        >
          Section 1
        </a>
      </li>
      <li
        class="css-12ek51e-boxStyles"
      >
        <a
          class="css-iuqbpq-TextLink"
          href="#section-2"
        >
          Section 2
        </a>
      </li>
      <li
        class="css-12ek51e-boxStyles"
      >
        <a
          class="css-iuqbpq-TextLink"
          href="#section-3"
        >
          Section 3
        </a>
      </li>
      <li
        class="css-12ek51e-boxStyles"
      >
        <a
          class="css-iuqbpq-TextLink"
          href="#section-4"
        >
          Section 4
        </a>
      </li>
      <li
        class="css-12ek51e-boxStyles"
      >
        <a
          class="css-iuqbpq-TextLink"
          href="#section-5"
        >
          Section 5
        </a>
      </li>
    </ul>
  </nav>
</div>
`;
