// Jest Snapshot v1, https://goo.gl/fbAQLP

exports[`Combobox renders correctly 1`] = `
<div>
  <div
    class="css-1904cz9-boxStyles-FieldContainer"
  >
    <label
      class="css-79i25n-boxStyles"
      for="combobox-input-:r0:"
    >
      <span
        class="css-433uqb-boxStyles-Text"
      >
        Find your state
      </span>
      <span
        class="css-1rpt3h8-boxStyles-Text"
      >
         
        (optional)
      </span>
    </label>
    <span
      class="css-lw0v8u-boxStyles-Text"
      id="field-combobox-input-:r0:-hint"
    >
      Start typing to see results
    </span>
    <div
      class="css-ep8qz0-ComboboxBase"
    >
      <input
        aria-activedescendant=""
        aria-autocomplete="list"
        aria-controls="downshift-:r1:-menu"
        aria-describedby="field-combobox-input-:r0:-hint"
        aria-expanded="false"
        aria-invalid="false"
        aria-labelledby="downshift-:r1:-label"
        aria-required="false"
        autocomplete="off"
        class="css-8coje4-ComboboxBase"
        id="combobox-input-:r0:"
        role="combobox"
        type="text"
        value=""
      />
      <div
        class="css-1733k8b-boxStyles-ComboboxButtonContainer"
      >
        <button
          aria-controls="downshift-:r1:-menu"
          aria-expanded="false"
          aria-label="Toggle menu"
          class="css-q06sws-BaseButton-ComboboxIconButton"
          id="downshift-:r1:-toggle-button"
          tabindex="-1"
          type="button"
        >
          <svg
            aria-hidden="true"
            class="css-qhpjst-Icon"
            clip-rule="evenodd"
            focusable="false"
            height="24"
            role="img"
            viewBox="0 0 24 24"
            width="24"
            xmlns="http://www.w3.org/2000/svg"
          >
            <polyline
              points="6 9 12 15 18 9"
            />
          </svg>
        </button>
      </div>
      <ul
        aria-labelledby="downshift-:r1:-label"
        class="css-1dge8j3-boxStyles-Popover"
        id="downshift-:r1:-menu"
        role="listbox"
        style="position: absolute; left: 0px; top: 0px; display: none; transform: translate(0px, 0px);"
      />
    </div>
  </div>
</div>
`;
