// Jest Snapshot v1, https://goo.gl/fbAQLP

exports[`HeroSubcategoryBanner renders correctly 1`] = `
<div>
  <section
    class="css-1yg4yzk-boxStyles"
  >
    <div
      class="css-uq5mes-boxStyles"
    >
      <div
        class="css-1dasgjt-boxStyles"
      >
        <div
          class="css-uvibcs-boxStyles"
        >
          <nav
            aria-label="Breadcrumbs"
          >
            <ol
              class="css-1klpc3g-boxStyles-BreadcrumbsContainer"
            >
              <li
                class="css-1s21qr-boxStyles"
              >
                <svg
                  aria-hidden="true"
                  class="css-6n0j1b-BreadcrumbsDivider"
                  clip-rule="evenodd"
                  fill-rule="evenodd"
                  focusable="false"
                  height="24"
                  role="img"
                  viewBox="0 0 24 24"
                  width="24"
                  xmlns="http://www.w3.org/2000/svg"
                >
                  <polyline
                    points="9 18 15 12 9 6"
                  />
                </svg>
                <a
                  class="css-iuqbpq-TextLink"
                  href="#"
                >
                  Section 1
                </a>
              </li>
              <li
                class="css-1s21qr-boxStyles"
              >
                <svg
                  aria-hidden="true"
                  class="css-6n0j1b-BreadcrumbsDivider"
                  clip-rule="evenodd"
                  fill-rule="evenodd"
                  focusable="false"
                  height="24"
                  role="img"
                  viewBox="0 0 24 24"
                  width="24"
                  xmlns="http://www.w3.org/2000/svg"
                >
                  <polyline
                    points="9 18 15 12 9 6"
                  />
                </svg>
                <button
                  aria-expanded="false"
                  aria-label="Show all breadcrumbs"
                  class="css-1pa4jzb-BaseButton-boxStyles"
                  type="button"
                >
                  â€¦
                </button>
              </li>
              <li
                class="css-1s21qr-boxStyles"
              >
                <svg
                  aria-hidden="true"
                  class="css-6n0j1b-BreadcrumbsDivider"
                  clip-rule="evenodd"
                  fill-rule="evenodd"
                  focusable="false"
                  height="24"
                  role="img"
                  viewBox="0 0 24 24"
                  width="24"
                  xmlns="http://www.w3.org/2000/svg"
                >
                  <polyline
                    points="9 18 15 12 9 6"
                  />
                </svg>
                <a
                  class="css-iuqbpq-TextLink"
                  href="#"
                >
                  Category page
                </a>
              </li>
              <li
                class="css-1s21qr-boxStyles"
              >
                <svg
                  aria-hidden="true"
                  class="css-6n0j1b-BreadcrumbsDivider"
                  clip-rule="evenodd"
                  fill-rule="evenodd"
                  focusable="false"
                  height="24"
                  role="img"
                  viewBox="0 0 24 24"
                  width="24"
                  xmlns="http://www.w3.org/2000/svg"
                >
                  <polyline
                    points="9 18 15 12 9 6"
                  />
                </svg>
                Subcategory page
                <span
                  class="css-5ur8x"
                >
                   (current page)
                </span>
              </li>
            </ol>
          </nav>
          <h1
            class="css-1jdu126-boxStyles"
          >
            Subcategory banner title - xxl/display (H1)
          </h1>
        </div>
      </div>
    </div>
  </section>
</div>
`;
