// Jest Snapshot v1, https://goo.gl/fbAQLP

exports[`Heading renders correctly 1`] = `
<div>
  <h2
    class="css-1hh96kk-boxStyles"
  >
    Heading element
  </h2>
</div>
`;
