// Jest Snapshot v1, https://goo.gl/fbAQLP

exports[`Radio renders correctly 1`] = `
<div>
  <label
    class="css-1nu74li-boxStyles-RadioContainer"
    for="radio-:r2:"
  >
    <input
      class="css-kvffeu-RadioInput"
      data-testid="example"
      id="radio-:r2:"
      name="my-radio"
      type="radio"
    />
    <span
      class="css-1lk90y6-boxStyles-RadioIndicator"
    >
      <span
        class="css-fp31el-boxStyles-RadioIndicator"
      />
    </span>
    <span
      class="css-e2jbxo-boxStyles-RadioLabel"
    >
      My Radio
    </span>
  </label>
</div>
`;
