// Jest Snapshot v1, https://goo.gl/fbAQLP

exports[`SideDrawer renders correctly 1`] = `
<body>
  <div
    aria-hidden="true"
  />
  <div
    class="css-rpfvdv-SideDrawerCover"
  >
    <div
      data-focus-guard="true"
      style="width: 1px; height: 0px; padding: 0px; overflow: hidden; position: fixed; top: 1px; left: 1px;"
      tabindex="0"
    />
    <div
      data-focus-lock-disabled="false"
    >
      <div
        aria-labelledby="SideDrawer-:r0:-title"
        aria-SideDrawer="true"
        class="css-2sldpu-boxStyles-SideDrawerDialog"
        role="dialog"
      >
        <h2
          class="css-n64ezu-boxStyles-Text"
          data-autofocus="true"
          id="SideDrawer-:r0:-title"
          tabindex="-1"
        >
          SideDrawer title
        </h2>
        <div
          class="css-79i25n-boxStyles"
        >
          <p
            class="css-6j1v6l-boxStyles-Text"
          >
            This is the SideDrawer Body paragraph.
          </p>
        </div>
        <div
          class="css-1kzq3kl-boxStyles-SideDrawerDialog"
        >
          <button
            class="css-3jmmp1-BaseButton-Button"
            type="button"
          >
            <span>
              <span
                class="css-oobk4c-Button"
              >
                Close SideDrawer
              </span>
              <span
                aria-live="assertive"
              />
            </span>
          </button>
        </div>
        <button
          aria-label="Close SideDrawer"
          class="css-1tn8j9z-BaseButton-SideDrawerDialog"
          type="button"
        >
          <span>
            <span
              class="css-oobk4c-Button"
            >
              Close
            </span>
            <span
              aria-live="assertive"
            />
          </span>
          <svg
            aria-hidden="true"
            class="css-9s3cfn-Icon"
            clip-rule="evenodd"
            focusable="false"
            height="24"
            role="img"
            viewBox="0 0 24 24"
            width="24"
            xmlns="http://www.w3.org/2000/svg"
          >
            <path
              d="M5 19L19 5"
            />
            <path
              d="M19 19L5 5"
            />
          </svg>
        </button>
      </div>
    </div>
    <div
      data-focus-guard="true"
      style="width: 1px; height: 0px; padding: 0px; overflow: hidden; position: fixed; top: 1px; left: 1px;"
      tabindex="0"
    />
  </div>
</body>
`;
