// Jest Snapshot v1, https://goo.gl/fbAQLP

exports[`Avatar renders correctly 1`] = `
<div>
  <span
    class="css-cee2za-boxStyles-Avatar"
  >
    WM
  </span>
</div>
`;
