// Jest Snapshot v1, https://goo.gl/fbAQLP

exports[`Drawer renders correctly 1`] = `
<body>
  <div
    aria-hidden="true"
  />
  <div>
    <div
      class="css-hyp6kw-Overlay"
      style="opacity: 0;"
    />
    <div
      data-focus-guard="true"
      style="width: 1px; height: 0px; padding: 0px; overflow: hidden; position: fixed; top: 1px; left: 1px;"
      tabindex="0"
    />
    <div
      data-focus-lock-disabled="false"
    >
      <div
        aria-labelledby="drawer-:r0:-title"
        aria-modal="true"
        class="css-bugcec-boxStyles-DrawerDialog"
        role="dialog"
        style="transform: translateX(100%);"
      >
        <div
          class="css-1fzj2hl-boxStyles-DrawerHeader"
        >
          <h2
            class="css-17ywrtq-boxStyles-Text-DrawerHeaderTitle"
            data-autofocus="true"
            id="drawer-:r0:-title"
            tabindex="-1"
          >
            Drawer title
          </h2>
        </div>
        <div
          class="css-1r9s54p-boxStyles-DrawerContent"
        >
          <p
            class="css-6j1v6l-boxStyles-Text"
          >
            Example content.
          </p>
        </div>
        <div
          class="css-10pjjkw-boxStyles-DrawerFooter"
        >
          <button
            class="css-ysvto2-BaseButton-Button"
            type="button"
          >
            <span>
              <span
                class="css-oobk4c-Button"
              >
                Example action
              </span>
              <span
                aria-live="assertive"
              />
            </span>
          </button>
        </div>
        <button
          class="css-1yjf0d9-BaseButton-DrawerDialog"
          type="button"
        >
          <span>
            <span
              class="css-oobk4c-Button"
            >
              Close
            </span>
            <span
              aria-live="assertive"
            />
          </span>
          <svg
            aria-hidden="true"
            class="css-10mbdw9-Button"
            clip-rule="evenodd"
            focusable="false"
            height="24"
            role="img"
            viewBox="0 0 24 24"
            width="24"
            xmlns="http://www.w3.org/2000/svg"
          >
            <line
              x1="18"
              x2="6"
              y1="6"
              y2="18"
            />
            <line
              x1="6"
              x2="18"
              y1="6"
              y2="18"
            />
          </svg>
        </button>
      </div>
    </div>
    <div
      data-focus-guard="true"
      style="width: 1px; height: 0px; padding: 0px; overflow: hidden; position: fixed; top: 1px; left: 1px;"
      tabindex="0"
    />
  </div>
</body>
`;
