// Jest Snapshot v1, https://goo.gl/fbAQLP

exports[`ConditionalFieldContainer renders correctly 1`] = `
<div>
  <button
    type="button"
  >
    Toggle visibility
  </button>
  <div
    class="css-2j0r52-boxStyles"
    data-conditional-field-container="true"
  >
    <p
      data-testid="child-element"
    >
      conditional-content
    </p>
  </div>
</div>
`;
