// Jest Snapshot v1, https://goo.gl/fbAQLP

exports[`TextLink renders correctly 1`] = `
<div>
  <a
    class="css-1geyz1r-TextLink"
    data-testid="example"
    href="/example"
  >
    Internal link
  </a>
</div>
`;
