// Jest Snapshot v1, https://goo.gl/fbAQLP

exports[`Modal renders correctly 1`] = `
<body>
  <div
    aria-hidden="true"
  />
  <div
    class="css-cikjj0-ModalCover"
  >
    <div
      data-focus-guard="true"
      style="width: 1px; height: 0px; padding: 0px; overflow: hidden; position: fixed; top: 1px; left: 1px;"
      tabindex="0"
    />
    <div
      data-focus-lock-disabled="false"
    >
      <div
        aria-labelledby="modal-:r0:-title"
        aria-modal="true"
        class="css-1zh0al-boxStyles-ModalDialog"
        role="dialog"
      >
        <h2
          class="css-lltnmr-boxStyles"
          data-autofocus="true"
          id="modal-:r0:-title"
          tabindex="-1"
        >
          Modal title
        </h2>
        <div
          class="css-79i25n-boxStyles"
        >
          <p
            class="css-dbscsh-boxStyles"
          >
            This is the Modal Body paragraph.
          </p>
        </div>
        <div
          class="css-1kzq3kl-boxStyles-ModalDialog"
        >
          <button
            class="css-1xaxpdg-BaseButton-Button"
            type="button"
          >
            <span>
              <span
                class="css-oobk4c-Button"
              >
                Close modal
              </span>
              <span
                aria-live="assertive"
              />
            </span>
          </button>
        </div>
        <button
          aria-label="Close modal"
          class="css-xzbqql-BaseButton-ModalDialog"
          type="button"
        >
          <span>
            <span
              class="css-oobk4c-Button"
            >
              Close
            </span>
            <span
              aria-live="assertive"
            />
          </span>
          <svg
            aria-hidden="true"
            class="css-sbsftc-Button"
            clip-rule="evenodd"
            fill-rule="evenodd"
            focusable="false"
            height="24"
            role="img"
            viewBox="0 0 24 24"
            width="24"
            xmlns="http://www.w3.org/2000/svg"
          >
            <line
              x1="18"
              x2="6"
              y1="6"
              y2="18"
            />
            <line
              x1="6"
              x2="18"
              y1="6"
              y2="18"
            />
          </svg>
        </button>
      </div>
    </div>
    <div
      data-focus-guard="true"
      style="width: 1px; height: 0px; padding: 0px; overflow: hidden; position: fixed; top: 1px; left: 1px;"
      tabindex="0"
    />
  </div>
</body>
`;
