// Jest Snapshot v1, https://goo.gl/fbAQLP

exports[`Accordion renders correctly 1`] = `
<div>
  <div
    class="css-xgo9nn-boxStyles"
  >
    <div
      class="css-td3mpi-boxStyles"
    >
      <h3
        class="css-79i25n-boxStyles"
      >
        <button
          aria-controls="accordion-:r0:-body"
          aria-expanded="false"
          class="css-ira57b-BaseButton-boxStyles-AccordionTitle"
          id="accordion-:r0:-title"
          type="button"
        >
          Accordion 1
          <svg
            aria-hidden="true"
            class="css-wg7i63-AccordionTitle"
            clip-rule="evenodd"
            fill-rule="evenodd"
            focusable="false"
            height="24"
            role="img"
            viewBox="0 0 24 24"
            width="24"
            xmlns="http://www.w3.org/2000/svg"
          >
            <polyline
              points="6 9 12 15 18 9"
            />
          </svg>
        </button>
      </h3>
      <div
        aria-labelledby="accordion-:r0:-title"
        class="css-1g0zzsa-AccordionBody"
        id="accordion-:r0:-body"
        role="region"
        style="display: none; height: 0px;"
      >
        <div>
          <div
            class="css-1u803sw-boxStyles"
          >
            <p
              class="css-dbscsh-boxStyles"
            >
              Accordion 1 text content.
            </p>
          </div>
        </div>
      </div>
    </div>
    <div
      class="css-td3mpi-boxStyles"
    >
      <h3
        class="css-79i25n-boxStyles"
      >
        <button
          aria-controls="accordion-:r1:-body"
          aria-expanded="false"
          class="css-ira57b-BaseButton-boxStyles-AccordionTitle"
          id="accordion-:r1:-title"
          type="button"
        >
          Accordion 2
          <svg
            aria-hidden="true"
            class="css-wg7i63-AccordionTitle"
            clip-rule="evenodd"
            fill-rule="evenodd"
            focusable="false"
            height="24"
            role="img"
            viewBox="0 0 24 24"
            width="24"
            xmlns="http://www.w3.org/2000/svg"
          >
            <polyline
              points="6 9 12 15 18 9"
            />
          </svg>
        </button>
      </h3>
      <div
        aria-labelledby="accordion-:r1:-title"
        class="css-1g0zzsa-AccordionBody"
        id="accordion-:r1:-body"
        role="region"
        style="display: none; height: 0px;"
      >
        <div>
          <div
            class="css-1u803sw-boxStyles"
          >
            <p
              class="css-dbscsh-boxStyles"
            >
              Accordion 2 text content.
            </p>
          </div>
        </div>
      </div>
    </div>
  </div>
</div>
`;
