// Jest Snapshot v1, https://goo.gl/fbAQLP

exports[`Switch renders correctly 1`] = `
<div>
  <label
    class="css-ij0a6x-boxStyles-Switch"
  >
    <span
      class="css-yfdlgm-boxStyles-SwitchContainer"
    >
      <input
        aria-checked="false"
        class="css-1pfc16v-Switch"
        role="switch"
        type="checkbox"
      />
      <span
        class="css-muuxht-boxStyles-SwitchTrack"
      />
      <span
        class="css-1rmjgmu-boxStyles-SwitchThumb"
      />
    </span>
    <span
      class="css-dbscsh-boxStyles"
    >
      Show establishments
    </span>
  </label>
</div>
`;
